adsfasd a   adfad
asdfa  b  adlfaea
urjs   c bufva
